data/HISPAMUS/11172.JPG	data/HISPAMUS/11172.JPG.json
data/HISPAMUS/00519.JPG	data/HISPAMUS/00519.JPG.json
data/HISPAMUS/12626.JPG	data/HISPAMUS/12626.JPG.json
data/HISPAMUS/00523.JPG	data/HISPAMUS/00523.JPG.json
data/HISPAMUS/12673.JPG	data/HISPAMUS/12673.JPG.json
data/HISPAMUS/00531.JPG	data/HISPAMUS/00531.JPG.json
data/HISPAMUS/11171.JPG	data/HISPAMUS/11171.JPG.json
data/HISPAMUS/12608.JPG	data/HISPAMUS/12608.JPG.json
data/HISPAMUS/12643.JPG	data/HISPAMUS/12643.JPG.json
data/HISPAMUS/12617.JPG	data/HISPAMUS/12617.JPG.json
data/HISPAMUS/11170.JPG	data/HISPAMUS/11170.JPG.json
data/HISPAMUS/11169.JPG	data/HISPAMUS/11169.JPG.json
data/HISPAMUS/11584.JPG	data/HISPAMUS/11584.JPG.json
data/HISPAMUS/12661.JPG	data/HISPAMUS/12661.JPG.json
data/HISPAMUS/12636.JPG	data/HISPAMUS/12636.JPG.json
data/HISPAMUS/12624.JPG	data/HISPAMUS/12624.JPG.json
data/HISPAMUS/12616.JPG	data/HISPAMUS/12616.JPG.json
data/HISPAMUS/12629.JPG	data/HISPAMUS/12629.JPG.json
data/HISPAMUS/12637.JPG	data/HISPAMUS/12637.JPG.json
data/HISPAMUS/12660.JPG	data/HISPAMUS/12660.JPG.json
data/HISPAMUS/11585.JPG	data/HISPAMUS/11585.JPG.json
data/HISPAMUS/12645.JPG	data/HISPAMUS/12645.JPG.json
data/HISPAMUS/12681.JPG	data/HISPAMUS/12681.JPG.json
data/HISPAMUS/12621.JPG	data/HISPAMUS/12621.JPG.json
data/HISPAMUS/12613.JPG	data/HISPAMUS/12613.JPG.json
data/HISPAMUS/12680.JPG	data/HISPAMUS/12680.JPG.json
data/HISPAMUS/12627.JPG	data/HISPAMUS/12627.JPG.json
data/HISPAMUS/00526.JPG	data/HISPAMUS/00526.JPG.json
data/HISPAMUS/12644.JPG	data/HISPAMUS/12644.JPG.json
data/HISPAMUS/12672.JPG	data/HISPAMUS/12672.JPG.json
data/HISPAMUS/12667.JPG	data/HISPAMUS/12667.JPG.json
data/HISPAMUS/12659.JPG	data/HISPAMUS/12659.JPG.json
data/HISPAMUS/12651.JPG	data/HISPAMUS/12651.JPG.json
data/HISPAMUS/00522.JPG	data/HISPAMUS/00522.JPG.json
data/HISPAMUS/12668.JPG	data/HISPAMUS/12668.JPG.json
data/HISPAMUS/11590.JPG	data/HISPAMUS/11590.JPG.json
data/HISPAMUS/12628.JPG	data/HISPAMUS/12628.JPG.json
data/HISPAMUS/12618.JPG	data/HISPAMUS/12618.JPG.json
data/HISPAMUS/00520.JPG	data/HISPAMUS/00520.JPG.json
data/HISPAMUS/11589.JPG	data/HISPAMUS/11589.JPG.json
data/HISPAMUS/12610.JPG	data/HISPAMUS/12610.JPG.json
data/HISPAMUS/12638.JPG	data/HISPAMUS/12638.JPG.json
data/HISPAMUS/12682.JPG	data/HISPAMUS/12682.JPG.json
data/HISPAMUS/12676.JPG	data/HISPAMUS/12676.JPG.json
data/HISPAMUS/12662.JPG	data/HISPAMUS/12662.JPG.json
data/HISPAMUS/12619.JPG	data/HISPAMUS/12619.JPG.json
data/HISPAMUS/12658.JPG	data/HISPAMUS/12658.JPG.json
data/HISPAMUS/12612.JPG	data/HISPAMUS/12612.JPG.json
data/HISPAMUS/11591.JPG	data/HISPAMUS/11591.JPG.json
data/HISPAMUS/00529.JPG	data/HISPAMUS/00529.JPG.json
data/HISPAMUS/12625.JPG	data/HISPAMUS/12625.JPG.json
data/HISPAMUS/12666.JPG	data/HISPAMUS/12666.JPG.json
data/HISPAMUS/12665.JPG	data/HISPAMUS/12665.JPG.json
data/HISPAMUS/12635.JPG	data/HISPAMUS/12635.JPG.json
data/HISPAMUS/12646.JPG	data/HISPAMUS/12646.JPG.json
data/HISPAMUS/12620.JPG	data/HISPAMUS/12620.JPG.json
data/HISPAMUS/12675.JPG	data/HISPAMUS/12675.JPG.json
data/HISPAMUS/11166.JPG	data/HISPAMUS/11166.JPG.json
data/HISPAMUS/00524.JPG	data/HISPAMUS/00524.JPG.json
data/HISPAMUS/12642.JPG	data/HISPAMUS/12642.JPG.json
data/HISPAMUS/12669.JPG	data/HISPAMUS/12669.JPG.json
data/HISPAMUS/00521.JPG	data/HISPAMUS/00521.JPG.json
data/HISPAMUS/11583.JPG	data/HISPAMUS/11583.JPG.json
data/HISPAMUS/12649.JPG	data/HISPAMUS/12649.JPG.json
data/HISPAMUS/00527.JPG	data/HISPAMUS/00527.JPG.json
data/HISPAMUS/12677.JPG	data/HISPAMUS/12677.JPG.json
data/HISPAMUS/12641.JPG	data/HISPAMUS/12641.JPG.json
data/HISPAMUS/12650.JPG	data/HISPAMUS/12650.JPG.json
data/HISPAMUS/00518.JPG	data/HISPAMUS/00518.JPG.json
data/HISPAMUS/11588.JPG	data/HISPAMUS/11588.JPG.json
data/HISPAMUS/00525.JPG	data/HISPAMUS/00525.JPG.json
data/HISPAMUS/12674.JPG	data/HISPAMUS/12674.JPG.json
data/HISPAMUS/11168.JPG	data/HISPAMUS/11168.JPG.json
data/HISPAMUS/12634.JPG	data/HISPAMUS/12634.JPG.json
data/HISPAMUS/12630.JPG	data/HISPAMUS/12630.JPG.json
data/HISPAMUS/11173.JPG	data/HISPAMUS/11173.JPG.json
data/HISPAMUS/11167.JPG	data/HISPAMUS/11167.JPG.json
data/HISPAMUS/11587.JPG	data/HISPAMUS/11587.JPG.json
data/HISPAMUS/12633.JPG	data/HISPAMUS/12633.JPG.json
data/HISPAMUS/12611.JPG	data/HISPAMUS/12611.JPG.json
data/HISPAMUS/12609.JPG	data/HISPAMUS/12609.JPG.json
