resultados/B-59.850_10/SinModificaciones.txt.res|-|#004DFF|B-59.850_10 Sin aumentado
resultados/B-59.850_10/ConModificaciones.txt.res|--|#004DFF|B-59.850_10 Con aumentado
resultados/B-59.850_20/SinModificaciones.txt.res|-|#00D732|B-59.850_20 Sin aumentado
resultados/B-59.850_20/ConModificaciones.txt.res|--|#00D732|B-59.850_20 Con aumentado
resultados/B-59.850_30/SinModificaciones.txt.res|-|#FF902F|B-59.850_30 Sin aumentado
resultados/B-59.850_30/ConModificaciones.txt.res|--|#FF902F|B-59.850_30 Con aumentado
resultados/B-59.850_40/SinModificaciones.txt.res|-|#FD0000|B-59.850_40 Sin aumentado
resultados/B-59.850_40/ConModificaciones.txt.res|--|#FD0000|B-59.850_40 Con aumentado
resultados/B-59.850_50/SinModificaciones.txt.res|-|#00FDFD|B-59.850_50 Sin aumentado
resultados/B-59.850_50/ConModificaciones.txt.res|--|#00FDFD|B-59.850_50 Con aumentado
resultados/B-59.850_60/SinModificaciones.txt.res|-|#BA00FD|B-59.850_60 Sin aumentado
resultados/B-59.850_60/ConModificaciones.txt.res|--|#BA00FD|B-59.850_60 Con aumentado
resultados/B-59.850_70/SinModificaciones.txt.res|-|#FD00E4|B-59.850_70 Sin aumentado
resultados/B-59.850_70/ConModificaciones.txt.res|--|#FD00E4|B-59.850_70 Con aumentado
resultados/B-59.850_80/SinModificaciones.txt.res|-|#FDEC00|B-59.850_80 Sin aumentado
resultados/B-59.850_80/ConModificaciones.txt.res|--|#FDEC00|B-59.850_80 Con aumentado
resultados/B-59.850_90/SinModificaciones.txt.res|-|#7FFD00|B-59.850_90 Sin aumentado
resultados/B-59.850_90/ConModificaciones.txt.res|--|#7FFD00|B-59.850_90 Con aumentado
resultados/B-59.850_100/SinModificaciones.txt.res|-|#733D00|B-59.850_100 Sin aumentado
resultados/B-59.850_100/ConModificaciones.txt.res|--|#733D00|B-59.850_100 Con aumentado